../libs/FreeRTOS/event_groups.c:86:28:xEventGroupCreateStatic	32	static,ignoring_inline_asm
../libs/FreeRTOS/event_groups.c:145:28:xEventGroupCreate	16	static
../libs/FreeRTOS/event_groups.c:185:17:xEventGroupSync	160	static,ignoring_inline_asm
../libs/FreeRTOS/event_groups.c:312:17:xEventGroupWaitBits	160	static,ignoring_inline_asm
../libs/FreeRTOS/event_groups.c:472:17:xEventGroupClearBits	64	static,ignoring_inline_asm
../libs/FreeRTOS/event_groups.c:524:17:xEventGroupGetBitsFromISR	48	static,ignoring_inline_asm
../libs/FreeRTOS/event_groups.c:547:17:xEventGroupSetBits	184	static,ignoring_inline_asm
../libs/FreeRTOS/event_groups.c:650:10:vEventGroupDelete	32	static,ignoring_inline_asm
../libs/FreeRTOS/event_groups.c:701:20:xEventGroupGetStaticBuffer	32	static,ignoring_inline_asm
../libs/FreeRTOS/event_groups.c:748:10:vEventGroupSetBitsCallback	16	static
../libs/FreeRTOS/event_groups.c:764:10:vEventGroupClearBitsCallback	16	static
../libs/FreeRTOS/event_groups.c:778:23:prvTestWaitCondition	48	static
