../libs/FreeRTOS/timers.c:237:16:xTimerCreateTimerTask	48	static,ignoring_inline_asm
../libs/FreeRTOS/timers.c:336:23:xTimerCreate	48	static
../libs/FreeRTOS/timers.c:370:23:xTimerCreateStatic	56	static,ignoring_inline_asm
../libs/FreeRTOS/timers.c:417:17:prvInitialiseNewTimer	32	static,ignoring_inline_asm
../libs/FreeRTOS/timers.c:448:16:xTimerGenericCommandFromTask	64	static,ignoring_inline_asm
../libs/FreeRTOS/timers.c:497:16:xTimerGenericCommandFromISR	56	static,ignoring_inline_asm
../libs/FreeRTOS/timers.c:539:18:xTimerGetTimerDaemonTaskHandle	16	static,ignoring_inline_asm
../libs/FreeRTOS/timers.c:553:16:xTimerGetPeriod	24	static,ignoring_inline_asm
../libs/FreeRTOS/timers.c:567:10:vTimerSetReloadMode	24	static,ignoring_inline_asm
../libs/FreeRTOS/timers.c:592:16:xTimerGetReloadMode	32	static,ignoring_inline_asm
../libs/FreeRTOS/timers.c:620:17:uxTimerGetReloadMode	24	static
../libs/FreeRTOS/timers.c:634:16:xTimerGetExpiryTime	40	static,ignoring_inline_asm
../libs/FreeRTOS/timers.c:651:20:xTimerGetStaticBuffer	32	static,ignoring_inline_asm
../libs/FreeRTOS/timers.c:681:18:pcTimerGetName	24	static,ignoring_inline_asm
../libs/FreeRTOS/timers.c:695:17:prvReloadTimer	56	static
../libs/FreeRTOS/timers.c:714:17:prvProcessExpiredTimer	40	static
../libs/FreeRTOS/timers.c:744:12:prvTimerTask	32	static
../libs/FreeRTOS/timers.c:778:17:prvProcessTimerOrBlockTask	64	static,ignoring_inline_asm
../libs/FreeRTOS/timers.c:840:23:prvGetNextExpireTime	24	static
../libs/FreeRTOS/timers.c:867:23:prvSampleTimeNow	24	static
../libs/FreeRTOS/timers.c:890:23:prvInsertTimerInActiveList	40	static
../libs/FreeRTOS/timers.c:934:17:prvProcessReceivedCommands	104	static,ignoring_inline_asm
../libs/FreeRTOS/timers.c:1089:17:prvSwitchTimerLists	24	static
../libs/FreeRTOS/timers.c:1114:17:prvCheckForValidListAndQueue	16	static
../libs/FreeRTOS/timers.c:1165:16:xTimerIsTimerActive	32	static,ignoring_inline_asm
../libs/FreeRTOS/timers.c:1194:12:pvTimerGetTimerID	32	static,ignoring_inline_asm
../libs/FreeRTOS/timers.c:1215:10:vTimerSetTimerID	24	static,ignoring_inline_asm
../libs/FreeRTOS/timers.c:1333:10:vTimerResetState	4	static
